// Jest Snapshot v1, https://goo.gl/fbAQLP

exports[`Input component Input must match snapshot 1`] = `
<div
  className="input-container"
>
  <input
    className="input-container__input"
  />
</div>
`;
