// Jest Snapshot v1, https://goo.gl/fbAQLP

exports[`Button Component Button must match snapshot 1`] = `
<button
  className="button"
/>
`;
