// Jest Snapshot v1, https://goo.gl/fbAQLP

exports[`Card Component Card must match snapshot 1`] = `
<div
  className="card"
/>
`;
